// Jest Snapshot v1, https://goo.gl/fbAQLP

exports[`Storyshots Emails/FormResponseReceived email 1`] = `
<IntlProvider
  defaultFormats={Object {}}
  defaultLocale="en"
  formats={Object {}}
  locale="en"
  messages={
    Object {
      "common.hiWithName": "Hi {firstName},",
    }
  }
  onError={[Function]}
  textComponent={Symbol(react.fragment)}
>
  <IntlProvider
    defaultFormats={Object {}}
    defaultLocale="en"
    formats={Object {}}
    locale="en"
    messages={
      Object {
        "common.hiWithName": "Hi {firstName},",
      }
    }
    onError={[Function]}
    textComponent={Symbol(react.fragment)}
  >
    <injectIntl(RenderingFormResponseReceivedEmail)
      data={
        Array [
          Object {
            "answer": "Nihal",
            "id": 1,
            "number": 1,
            "questionValue": "What is your name?",
            "type": "text",
          },
          Object {
            "answer": "Granularity",
            "id": 2,
            "number": 2,
            "questionValue": "Where do you work at?",
            "type": "text",
          },
          Object {
            "answer": "nihal@getgranularity.com",
            "id": 3,
            "number": 3,
            "questionValue": "What is your work email?",
            "type": "text",
          },
        ]
      }
    >
      <RenderingFormResponseReceivedEmail
        data={
          Array [
            Object {
              "answer": "Nihal",
              "id": 1,
              "number": 1,
              "questionValue": "What is your name?",
              "type": "text",
            },
            Object {
              "answer": "Granularity",
              "id": 2,
              "number": 2,
              "questionValue": "Where do you work at?",
              "type": "text",
            },
            Object {
              "answer": "nihal@getgranularity.com",
              "id": 3,
              "number": 3,
              "questionValue": "What is your work email?",
              "type": "text",
            },
          ]
        }
        intl={
          Object {
            "defaultFormats": Object {},
            "defaultLocale": "en",
            "defaultRichTextElements": undefined,
            "formatDate": [Function],
            "formatDateTimeRange": [Function],
            "formatDateToParts": [Function],
            "formatDisplayName": [Function],
            "formatList": [Function],
            "formatListToParts": [Function],
            "formatMessage": [Function],
            "formatNumber": [Function],
            "formatNumberToParts": [Function],
            "formatPlural": [Function],
            "formatRelativeTime": [Function],
            "formatTime": [Function],
            "formatTimeToParts": [Function],
            "formats": Object {},
            "formatters": Object {
              "getDateTimeFormat": [Function],
              "getDisplayNames": [Function],
              "getListFormat": [Function],
              "getMessageFormat": [Function],
              "getNumberFormat": [Function],
              "getPluralRules": [Function],
              "getRelativeTimeFormat": [Function],
            },
            "locale": "en",
            "messages": Object {
              "common.hiWithName": "Hi {firstName},",
            },
            "onError": [Function],
            "textComponent": Symbol(react.fragment),
            "timeZone": undefined,
            "wrapRichTextChunksInFragment": undefined,
          }
        }
      >
        <Email
          align="center"
          lang="en"
          title="Hurray, your form just received a new response!"
          valign="top"
          width="100%"
        >
          <html
            lang="en"
            xmlns="http://www.w3.org/1999/xhtml"
          >
            <head>
              <meta
                content="text/html; charset=utf-8"
                httpEquiv="Content-Type"
              />
              <meta
                content="width=device-width, initial-scale=1.0"
                name="viewport"
              />
              <title>
                Hurray, your form just received a new response!
              </title>
            </head>
            <body
              style={
                Object {
                  "MsTextSizeAdjust": "100%",
                  "WebkitTextSizeAdjust": "100%",
                  "margin": 0,
                  "padding": 0,
                  "width": "100%",
                }
              }
            >
              <Box
                align="left"
                border="0"
                cellPadding={0}
                cellSpacing={0}
                height="100%"
                valign="top"
                width="100%"
              >
                <table
                  align="left"
                  border="0"
                  cellPadding={0}
                  cellSpacing={0}
                  height="100%"
                  valign="top"
                  width="100%"
                >
                  <tbody>
                    <Item
                      align="center"
                      valign="top"
                    >
                      <tr>
                        <td
                          align="center"
                          valign="top"
                        >
                          <Box
                            align="center"
                            border="0"
                            cellPadding={0}
                            cellSpacing={0}
                            valign="top"
                            width="100%"
                          >
                            <table
                              align="center"
                              border="0"
                              cellPadding={0}
                              cellSpacing={0}
                              valign="top"
                              width="100%"
                            >
                              <tbody>
                                <h1
                                  style={
                                    Object {
                                      "color": "#29333D",
                                      "fontFamily": "Helvetica",
                                      "fontSize": "24px",
                                      "lineHeight": "130%",
                                      "marginBottom": "10px",
                                      "marginTop": "4px",
                                      "paddingTop": "26px",
                                      "textAlign": "left",
                                    }
                                  }
                                >
                                  <FormattedMessage
                                    defaultMessage="Hello {firstName},"
                                    id="some-id"
                                    values={
                                      Object {
                                        "firstName": "Nihal",
                                      }
                                    }
                                  >
                                    Hello Nihal,
                                  </FormattedMessage>
                                </h1>
                                <p
                                  style={
                                    Object {
                                      "color": "#5C6670",
                                      "fontFamily": "Helvetica",
                                      "fontSize": "16px",
                                      "lineHeight": "150%",
                                      "textAlign": "left",
                                    }
                                  }
                                >
                                  <FormattedMessage
                                    defaultMessage="Your form {formTitle} received a new response."
                                    id="some-id"
                                    values={
                                      Object {
                                        "formTitle": "Customer Feedback",
                                      }
                                    }
                                  >
                                    Your form Customer Feedback received a new response.
                                  </FormattedMessage>
                                </p>
                                <p>
                                  <p
                                    key="1"
                                  >
                                    <p
                                      style={
                                        Object {
                                          "display": "flex",
                                          "flexDirection": "column",
                                          "marginBottom": "8px",
                                          "textAlign": "left",
                                        }
                                      }
                                    >
                                      <span
                                        style={
                                          Object {
                                            "fontFamily": "Helvetica",
                                            "fontSize": "14px",
                                            "marginBottom": "4px",
                                          }
                                        }
                                      >
                                        1
                                        ) 
                                        What is your name?
                                      </span>
                                      <span
                                        style={
                                          Object {
                                            "fontFamily": "Helvetica",
                                            "fontSize": "16px",
                                          }
                                        }
                                      >
                                        Nihal
                                      </span>
                                    </p>
                                  </p>
                                  <p
                                    key="2"
                                  >
                                    <p
                                      style={
                                        Object {
                                          "display": "flex",
                                          "flexDirection": "column",
                                          "marginBottom": "8px",
                                          "textAlign": "left",
                                        }
                                      }
                                    >
                                      <span
                                        style={
                                          Object {
                                            "fontFamily": "Helvetica",
                                            "fontSize": "14px",
                                            "marginBottom": "4px",
                                          }
                                        }
                                      >
                                        2
                                        ) 
                                        Where do you work at?
                                      </span>
                                      <span
                                        style={
                                          Object {
                                            "fontFamily": "Helvetica",
                                            "fontSize": "16px",
                                          }
                                        }
                                      >
                                        Granularity
                                      </span>
                                    </p>
                                  </p>
                                  <p
                                    key="3"
                                  >
                                    <p
                                      style={
                                        Object {
                                          "display": "flex",
                                          "flexDirection": "column",
                                          "marginBottom": "8px",
                                          "textAlign": "left",
                                        }
                                      }
                                    >
                                      <span
                                        style={
                                          Object {
                                            "fontFamily": "Helvetica",
                                            "fontSize": "14px",
                                            "marginBottom": "4px",
                                          }
                                        }
                                      >
                                        3
                                        ) 
                                        What is your work email?
                                      </span>
                                      <span
                                        style={
                                          Object {
                                            "fontFamily": "Helvetica",
                                            "fontSize": "16px",
                                          }
                                        }
                                      >
                                        nihal@getgranularity.com
                                      </span>
                                    </p>
                                  </p>
                                </p>
                              </tbody>
                            </table>
                          </Box>
                        </td>
                      </tr>
                    </Item>
                  </tbody>
                </table>
              </Box>
            </body>
          </html>
        </Email>
      </RenderingFormResponseReceivedEmail>
    </injectIntl(RenderingFormResponseReceivedEmail)>
  </IntlProvider>
</IntlProvider>
`;

exports[`Storyshots Strings/FormResponseReceived string 1`] = `
<IntlProvider
  defaultFormats={Object {}}
  defaultLocale="en"
  formats={Object {}}
  locale="en"
  messages={
    Object {
      "common.hiWithName": "Hi {firstName},",
    }
  }
  onError={[Function]}
  textComponent={Symbol(react.fragment)}
>
  <div>
    &lt;!DOCTYPE html PUBLIC "-//W3C//DTD XHTML 1.0 Strict//EN" "http://www.w3.org/TR/xhtml1/DTD/xhtml1-strict.dtd"&gt;&lt;html lang="en" xmlns="http://www.w3.org/1999/xhtml"&gt;&lt;head&gt;&lt;meta http-equiv="Content-Type" content="text/html; charset=utf-8"/&gt;&lt;meta name="viewport" content="width=device-width, initial-scale=1.0"/&gt;&lt;title&gt;Hurray, your form just received a new response!&lt;/title&gt;&lt;/head&gt;&lt;body style="width:100%;margin:0;padding:0;-webkit-text-size-adjust:100%;-ms-text-size-adjust:100%"&gt;&lt;table width="100%" height="100%" cellPadding="0" cellSpacing="0" border="0" align="left" valign="top"&gt;&lt;tbody&gt;&lt;tr&gt;&lt;td align="center" valign="top"&gt;&lt;table width="100%" align="center" cellPadding="0" cellSpacing="0" border="0" valign="top"&gt;&lt;tbody&gt;&lt;h1 style="font-family:Helvetica;font-size:24px;line-height:130%;color:#29333D;margin-top:4px;margin-bottom:10px;padding-top:26px;text-align:left"&gt;Hello Nihal,&lt;/h1&gt;&lt;p style="color:#5C6670;font-family:Helvetica;font-size:16px;line-height:150%;text-align:left"&gt;Your form Customer Feedback received a new response.&lt;/p&gt;&lt;p&gt;&lt;p&gt;&lt;p style="margin-bottom:8px;display:flex;flex-direction:column;text-align:left"&gt;&lt;span style="margin-bottom:4px;font-family:Helvetica;font-size:14px"&gt;1) What is your name?&lt;/span&gt;&lt;span style="font-family:Helvetica;font-size:16px"&gt;Nihal&lt;/span&gt;&lt;/p&gt;&lt;/p&gt;&lt;p&gt;&lt;p style="margin-bottom:8px;display:flex;flex-direction:column;text-align:left"&gt;&lt;span style="margin-bottom:4px;font-family:Helvetica;font-size:14px"&gt;2) Where do you work at?&lt;/span&gt;&lt;span style="font-family:Helvetica;font-size:16px"&gt;Granularity&lt;/span&gt;&lt;/p&gt;&lt;/p&gt;&lt;p&gt;&lt;p style="margin-bottom:8px;display:flex;flex-direction:column;text-align:left"&gt;&lt;span style="margin-bottom:4px;font-family:Helvetica;font-size:14px"&gt;3) What is your work email?&lt;/span&gt;&lt;span style="font-family:Helvetica;font-size:16px"&gt;nihal@getgranularity.com&lt;/span&gt;&lt;/p&gt;&lt;/p&gt;&lt;/p&gt;&lt;/tbody&gt;&lt;/table&gt;&lt;/td&gt;&lt;/tr&gt;&lt;/tbody&gt;&lt;/table&gt;&lt;/body&gt;&lt;/html&gt;
  </div>
</IntlProvider>
`;
